
­ƒº¬ Testing codigoCliente auto-generation with gap-filling

­ƒôØ Test 1: Creating first empresa...
ÔØî Failed: status 401 { message: 'Token inv├ílido' }

­ƒôØ Test 2: Creating second empresa...
ÔØî Failed: status 401 { message: 'Token inv├ílido' }

­ƒôØ Test 3: Creating third empresa...
ÔØî Failed: status 401 { message: 'Token inv├ílido' }

­ƒôè Current codigoCliente values:
ÔØî Sequence incorrect. Got: 

­ƒôê RESULTS:
Ô£à Passed: 0
ÔØî Failed: 4

Errors:
  - Test 1 failed: 401
  - Test 2 failed: 401
  - Test 3 failed: 401
  - Expected CLI-001, CLI-002, CLI-003; got 

ÔÜá´©Å Some tests failed
